^GSPC: 6660 returns, 2000-01-04 .. 2026-06-29
^STOXX50E: 4821 returns, 2007-04-02 .. 2026-06-29
^N225: 6486 returns, 2000-01-05 .. 2026-06-29
^FTSE: 6689 returns, 2000-01-05 .. 2026-06-29
^GDAXI: 6724 returns, 2000-01-04 .. 2026-06-29
AAPL: 6660 returns, 2000-01-04 .. 2026-06-29
MSFT: 6660 returns, 2000-01-04 .. 2026-06-29
JPM: 6660 returns, 2000-01-04 .. 2026-06-29
XOM: 6660 returns, 2000-01-04 .. 2026-06-29
JNJ: 6660 returns, 2000-01-04 .. 2026-06-29
NVDA: 6660 returns, 2000-01-04 .. 2026-06-29
EURUSD=X: 5856 returns, 2003-12-02 .. 2026-06-29
USDJPY=X: 6876 returns, 2000-01-04 .. 2026-06-29
GBPUSD=X: 5868 returns, 2003-12-02 .. 2026-06-29
AUDUSD=X: 5232 returns, 2006-05-17 .. 2026-06-29
BTC-USD: 4303 returns, 2014-09-18 .. 2026-06-29
ETH-USD: 3154 returns, 2017-11-10 .. 2026-06-29
GC=F: 6479 returns, 2000-08-31 .. 2026-06-29
CL=F: 6487 returns, 2000-08-24 .. 2026-06-29
TLT: 6016 returns, 2002-07-31 .. 2026-06-29
HYG: 4834 returns, 2007-04-12 .. 2026-06-29

147 (series, model) runs on 10 workers
[1/147] ^STOXX50E x historical: 34,398 rows  [10s]
[2/147] ^GSPC x historical: 50,949 rows  [16s]
[3/147] ^STOXX50E x ewma-rm: 34,398 rows  [16s]
[4/147] ^GSPC x har-proxy: 50,949 rows  [28s]
[5/147] ^GSPC x ewma-rm: 50,949 rows  [35s]
[6/147] ^STOXX50E x har-proxy: 34,398 rows  [54s]
[7/147] ^N225 x historical: 49,383 rows  [58s]
[8/147] ^N225 x ewma-rm: 49,383 rows  [88s]
[9/147] ^STOXX50E x fhs-ewma: 34,398 rows  [180s]
[10/147] ^GSPC x fhs-ewma: 50,949 rows  [220s]
[11/147] ^N225 x fhs-ewma: 49,383 rows  [257s]
[12/147] ^N225 x har-proxy: 49,383 rows  [265s]
[13/147] ^STOXX50E x garch11-n: 34,398 rows  [278s]
[14/147] ^FTSE x historical: 51,210 rows  [283s]
[15/147] ^FTSE x ewma-rm: 51,210 rows  [324s]
[16/147] ^GSPC x garch11-n: 50,949 rows  [480s]
[17/147] ^FTSE x fhs-ewma: 51,210 rows  [492s]
[18/147] ^STOXX50E x garch11-t: 34,398 rows  [573s]
[19/147] ^FTSE x har-proxy: 51,210 rows  [606s]
[20/147] ^N225 x garch11-n: 49,383 rows  [625s]
[21/147] ^GDAXI x historical: 51,525 rows  [631s]
[22/147] ^GDAXI x ewma-rm: 51,525 rows  [685s]
[23/147] ^GDAXI x fhs-ewma: 51,525 rows  [940s]
[24/147] ^STOXX50E x gjr-garch11-t: 34,398 rows  [941s]
[25/147] ^FTSE x garch11-n: 51,210 rows  [979s]
[26/147] ^GDAXI x har-proxy: 51,525 rows  [1,008s]
[27/147] AAPL x historical: 50,949 rows  [1,037s]
[28/147] AAPL x fhs-ewma: 50,949 rows  [1,216s]
[29/147] ^GSPC x gjr-garch11-t: 50,949 rows  [1,265s]
[30/147] ^GSPC x garch11-t: 50,949 rows  [1,279s]
[31/147] AAPL x ewma-rm: 50,949 rows  [1,287s]
[32/147] ^GDAXI x garch11-n: 51,525 rows  [1,339s]
[33/147] AAPL x har-proxy: 50,949 rows  [1,390s]
[34/147] MSFT x historical: 50,949 rows  [1,429s]
[35/147] ^N225 x garch11-t: 49,383 rows  [1,460s]
[36/147] MSFT x ewma-rm: 50,949 rows  [1,496s]
[37/147] ^N225 x gjr-garch11-t: 49,383 rows  [1,684s]
[38/147] ^FTSE x garch11-t: 51,210 rows  [1,714s]
[39/147] MSFT x fhs-ewma: 50,949 rows  [1,775s]
[40/147] MSFT x har-proxy: 50,949 rows  [1,838s]
[41/147] JPM x historical: 50,949 rows  [1,882s]
[42/147] AAPL x garch11-n: 50,949 rows  [2,087s]
[43/147] JPM x ewma-rm: 50,949 rows  [2,171s]
[44/147] JPM x fhs-ewma: 50,949 rows  [2,233s]
[45/147] ^FTSE x gjr-garch11-t: 51,210 rows  [2,263s]
[46/147] ^GDAXI x garch11-t: 51,525 rows  [2,549s]
[47/147] MSFT x garch11-n: 50,949 rows  [2,607s]
[48/147] JPM x har-proxy: 50,949 rows  [2,618s]
[49/147] XOM x historical: 50,949 rows  [2,648s]
[50/147] XOM x ewma-rm: 50,949 rows  [2,738s]
[51/147] AAPL x garch11-t: 50,949 rows  [2,929s]
[52/147] XOM x fhs-ewma: 50,949 rows  [2,951s]
[53/147] ^GDAXI x gjr-garch11-t: 51,525 rows  [3,033s]
[54/147] XOM x har-proxy: 50,949 rows  [3,065s]
[55/147] JNJ x historical: 50,949 rows  [3,085s]
[56/147] AAPL x gjr-garch11-t: 50,949 rows  [3,205s]
[57/147] JPM x garch11-n: 50,949 rows  [3,234s]
[58/147] JNJ x ewma-rm: 50,949 rows  [3,253s]
[59/147] MSFT x garch11-t: 50,949 rows  [3,291s]
[60/147] JNJ x fhs-ewma: 50,949 rows  [3,344s]
[61/147] JNJ x har-proxy: 50,949 rows  [3,373s]
[62/147] NVDA x historical: 50,949 rows  [3,397s]
[63/147] XOM x garch11-n: 50,949 rows  [3,429s]
[64/147] NVDA x ewma-rm: 50,949 rows  [3,450s]
[65/147] NVDA x fhs-ewma: 50,949 rows  [3,620s]
[66/147] MSFT x gjr-garch11-t: 50,949 rows  [3,700s]
[67/147] JPM x garch11-t: 50,949 rows  [3,860s]
[68/147] JNJ x garch11-n: 50,949 rows  [3,897s]
[69/147] EURUSD=X x historical: 43,713 rows  [3,905s]
[70/147] NVDA x har-proxy: 50,949 rows  [3,919s]
[71/147] EURUSD=X x ewma-rm: 43,713 rows  [3,966s]
[72/147] JPM x gjr-garch11-t: 50,949 rows  [4,072s]
[73/147] EURUSD=X x fhs-ewma: 43,713 rows  [4,138s]
[74/147] XOM x garch11-t: 50,949 rows  [4,203s]
[75/147] EURUSD=X x har-proxy: 43,713 rows  [4,239s]
[76/147] USDJPY=X x historical: 52,893 rows  [4,259s]
[77/147] XOM x gjr-garch11-t: 50,949 rows  [4,308s]
[78/147] NVDA x garch11-n: 50,949 rows  [4,317s]
[79/147] USDJPY=X x ewma-rm: 52,893 rows  [4,354s]
[80/147] JNJ x garch11-t: 50,949 rows  [4,431s]
[81/147] USDJPY=X x fhs-ewma: 52,893 rows  [4,507s]
[82/147] USDJPY=X x har-proxy: 52,893 rows  [4,542s]
[83/147] GBPUSD=X x historical: 43,821 rows  [4,546s]
[84/147] JNJ x gjr-garch11-t: 50,949 rows  [4,708s]
[85/147] GBPUSD=X x fhs-ewma: 43,821 rows  [4,712s]
[86/147] GBPUSD=X x ewma-rm: 43,821 rows  [4,771s]
[87/147] EURUSD=X x garch11-n: 43,713 rows  [4,804s]
[88/147] NVDA x garch11-t: 50,949 rows  [4,923s]
[89/147] GBPUSD=X x har-proxy: 43,821 rows  [4,969s]
[90/147] AUDUSD=X x historical: 38,097 rows  [4,988s]
[91/147] EURUSD=X x garch11-t: 43,713 rows  [5,068s]
[92/147] AUDUSD=X x ewma-rm: 38,097 rows  [5,107s]
[93/147] NVDA x gjr-garch11-t: 50,949 rows  [5,152s]
[94/147] USDJPY=X x garch11-n: 52,893 rows  [5,154s]
[95/147] AUDUSD=X x fhs-ewma: 38,097 rows  [5,192s]
[96/147] AUDUSD=X x har-proxy: 38,097 rows  [5,197s]
[97/147] BTC-USD x historical: 29,736 rows  [5,200s]
[98/147] EURUSD=X x gjr-garch11-t: 43,713 rows  [5,200s]
[99/147] GBPUSD=X x garch11-n: 43,821 rows  [5,220s]
[100/147] BTC-USD x ewma-rm: 29,736 rows  [5,230s]
[101/147] BTC-USD x fhs-ewma: 29,736 rows  [5,250s]
[102/147] USDJPY=X x garch11-t: 52,893 rows  [5,387s]
[103/147] BTC-USD x har-proxy: 29,736 rows  [5,404s]
[104/147] ETH-USD x historical: 19,395 rows  [5,406s]
[105/147] AUDUSD=X x garch11-n: 38,097 rows  [5,481s]
[106/147] ETH-USD x ewma-rm: 19,395 rows  [5,487s]
[107/147] ETH-USD x fhs-ewma: 19,395 rows  [5,509s]
[108/147] USDJPY=X x gjr-garch11-t: 52,893 rows  [5,598s]
[109/147] BTC-USD x garch11-n: 29,736 rows  [5,614s]
[110/147] ETH-USD x har-proxy: 19,395 rows  [5,618s]
[111/147] GC=F x historical: 49,320 rows  [5,639s]
[112/147] GBPUSD=X x garch11-t: 43,821 rows  [5,690s]
[113/147] ETH-USD x garch11-n: 19,395 rows  [5,719s]
[114/147] GC=F x ewma-rm: 49,320 rows  [5,736s]
[115/147] GC=F x fhs-ewma: 49,320 rows  [5,872s]
[116/147] GBPUSD=X x gjr-garch11-t: 43,821 rows  [5,946s]
[117/147] GC=F x har-proxy: 49,320 rows  [5,964s]
[118/147] CL=F x historical: 49,392 rows  [5,985s]
[119/147] AUDUSD=X x garch11-t: 38,097 rows  [6,023s]
[120/147] ETH-USD x garch11-t: 19,395 rows  [6,061s]
[121/147] CL=F x ewma-rm: 49,392 rows  [6,064s]
[122/147] AUDUSD=X x gjr-garch11-t: 38,097 rows  [6,119s]
[123/147] CL=F x fhs-ewma: 49,392 rows  [6,133s]
[124/147] CL=F x har-proxy: 49,392 rows  [6,185s]
[125/147] TLT x historical: 45,153 rows  [6,210s]
[126/147] ETH-USD x gjr-garch11-t: 19,395 rows  [6,255s]
[127/147] TLT x ewma-rm: 45,153 rows  [6,285s]
[128/147] TLT x fhs-ewma: 45,153 rows  [6,330s]
[129/147] GC=F x garch11-n: 49,320 rows  [6,347s]
[130/147] BTC-USD x garch11-t: 29,736 rows  [6,456s]
[131/147] TLT x har-proxy: 45,153 rows  [6,495s]
[132/147] HYG x historical: 34,515 rows  [6,498s]
[133/147] HYG x fhs-ewma: 34,515 rows  [6,646s]
[134/147] HYG x ewma-rm: 34,515 rows  [6,691s]
[135/147] BTC-USD x gjr-garch11-t: 29,736 rows  [6,694s]
[136/147] CL=F x garch11-n: 49,392 rows  [6,698s]
[137/147] TLT x garch11-n: 45,153 rows  [6,819s]
[138/147] HYG x har-proxy: 34,515 rows  [6,852s]
[139/147] GC=F x garch11-t: 49,320 rows  [6,906s]
